04-13 12:56:33.846   874   874 W surfaceflinger: type=1400 audit(0.0:2919486): avc: denied { read } for name="u:object_r:vendor_fp_prop:s0" dev="tmpfs" ino=16948 scontext=u:r:surfaceflinger:s0 tcontext=u:object_r:vendor_fp_prop:s0 tclass=file permissive=0
04-13 12:56:33.846   874   874 I chatty  : uid=1000(system) /system/bin/surfaceflinger identical 1 line
04-13 12:56:33.866   874   874 W surfaceflinger: type=1400 audit(0.0:2919488): avc: denied { read } for name="u:object_r:vendor_fp_prop:s0" dev="tmpfs" ino=16948 scontext=u:r:surfaceflinger:s0 tcontext=u:object_r:vendor_fp_prop:s0 tclass=file permissive=0
04-13 12:56:33.878   874   874 E libc    : Access denied finding property "ro.hardware.fp.fod"
04-13 12:56:33.878   874   874 E libc    : Access denied finding property "ro.hardware.fp.sideCap"
04-13 12:56:33.895   874   874 E libc    : Access denied finding property "ro.hardware.fp.fod"
04-13 12:56:33.895   874   874 E libc    : Access denied finding property "ro.hardware.fp.sideCap"
04-13 12:56:33.912   874   874 E libc    : Access denied finding property "ro.hardware.fp.fod"
04-13 12:56:33.912   874   874 E libc    : Access denied finding property "ro.hardware.fp.sideCap"
04-13 12:56:33.929   874   874 E libc    : Access denied finding property "ro.hardware.fp.fod"
04-13 12:56:33.929   874   874 E libc    : Access denied finding property "ro.hardware.fp.sideCap"
04-13 12:56:33.946   874   874 E libc    : Access denied finding property "ro.hardware.fp.fod"
04-13 12:56:33.946   874   874 E libc    : Access denied finding property "ro.hardware.fp.sideCap"
04-13 12:56:33.963   874   874 E libc    : Access denied finding property "ro.hardware.fp.fod"
04-13 12:56:33.963   874   874 E libc    : Access denied finding property "ro.hardware.fp.sideCap"
04-13 12:56:33.979   874   874 E libc    : Access denied finding property "ro.hardware.fp.fod"
04-13 12:56:33.979   874   874 E libc    : Access denied finding property "ro.hardware.fp.sideCap"
04-13 12:56:33.996   874   874 E libc    : Access denied finding property "ro.hardware.fp.fod"
04-13 12:56:33.996   874   874 E libc    : Access denied finding property "ro.hardware.fp.sideCap"
04-13 12:56:34.013   874   874 E libc    : Access denied finding property "ro.hardware.fp.fod"
04-13 12:56:34.013   874   874 E libc    : Access denied finding property "ro.hardware.fp.sideCap"
04-13 12:56:34.029   874   874 E libc    : Access denied finding property "ro.hardware.fp.fod"
04-13 12:56:34.029   874   874 E libc    : Access denied finding property "ro.hardware.fp.sideCap"
04-13 12:56:34.046   874   874 E libc    : Access denied finding property "ro.hardware.fp.fod"
04-13 12:56:34.047   874   874 E libc    : Access denied finding property "ro.hardware.fp.sideCap"
04-13 12:56:34.063   820  1234 W ServiceManagement: Waited one second for vendor.xiaomi.hardware.mfidoca@1.0::IFidoService/default
04-13 12:56:34.063   874   874 E libc    : Access denied finding property "ro.hardware.fp.fod"
04-13 12:56:34.063   874   874 E libc    : Access denied finding property "ro.hardware.fp.sideCap"
04-13 12:56:34.063   820  4819 W ServiceManagement: Waited one second for vendor.xiaomi.hardware.mfidoca@1.0::IFidoService/default
04-13 12:56:34.066   820  1234 I ServiceManagement: getService: Trying again for vendor.xiaomi.hardware.mfidoca@1.0::IFidoService/default...
04-13 12:56:34.066   820  4819 I ServiceManagement: getService: Trying again for vendor.xiaomi.hardware.mfidoca@1.0::IFidoService/default...
04-13 12:56:34.080   874   874 E libc    : Access denied finding property "ro.hardware.fp.fod"
04-13 12:56:34.081   874   874 E libc    : Access denied finding property "ro.hardware.fp.sideCap"
04-13 12:56:34.097   874   874 E libc    : Access denied finding property "ro.hardware.fp.fod"
04-13 12:56:34.097   874   874 E libc    : Access denied finding property "ro.hardware.fp.sideCap"
04-13 12:56:34.113   874   874 E libc    : Access denied finding property "ro.hardware.fp.fod"
04-13 12:56:34.113   874   874 E libc    : Access denied finding property "ro.hardware.fp.sideCap"
04-13 12:56:34.129   874   874 E libc    : Access denied finding property "ro.hardware.fp.fod"
04-13 12:56:34.130   874   874 E libc    : Access denied finding property "ro.hardware.fp.sideCap"
04-13 12:56:34.147   874   874 E libc    : Access denied finding property "ro.hardware.fp.fod"
04-13 12:56:34.147   874   874 E libc    : Access denied finding property "ro.hardware.fp.sideCap"
04-13 12:56:34.163   874   874 E libc    : Access denied finding property "ro.hardware.fp.fod"
04-13 12:56:34.163   874   874 E libc    : Access denied finding property "ro.hardware.fp.sideCap"
04-13 12:56:34.180   874   874 E libc    : Access denied finding property "ro.hardware.fp.fod"
04-13 12:56:34.180   874   874 E libc    : Access denied finding property "ro.hardware.fp.sideCap"
04-13 12:56:34.197   874   874 E libc    : Access denied finding property "ro.hardware.fp.fod"
04-13 12:56:34.197   874   874 E libc    : Access denied finding property "ro.hardware.fp.sideCap"
04-13 12:56:34.213   874   874 E libc    : Access denied finding property "ro.hardware.fp.fod"
04-13 12:56:34.214   874   874 E libc    : Access denied finding property "ro.hardware.fp.sideCap"
04-13 12:56:34.230   874   874 E libc    : Access denied finding property "ro.hardware.fp.fod"
04-13 12:56:34.230   874   874 E libc    : Access denied finding property "ro.hardware.fp.sideCap"
04-13 12:56:34.247   874   874 E libc    : Access denied finding property "ro.hardware.fp.fod"
04-13 12:56:34.248   874   874 E libc    : Access denied finding property "ro.hardware.fp.sideCap"
04-13 12:56:34.264   874   874 E libc    : Access denied finding property "ro.hardware.fp.fod"
04-13 12:56:34.264   874   874 E libc    : Access denied finding property "ro.hardware.fp.sideCap"
04-13 12:56:34.297   874   874 E libc    : Access denied finding property "ro.hardware.fp.fod"
04-13 12:56:34.298   874   874 E libc    : Access denied finding property "ro.hardware.fp.sideCap"
04-13 12:56:34.314   874   874 E libc    : Access denied finding property "ro.hardware.fp.fod"
04-13 12:56:34.314   874   874 E libc    : Access denied finding property "ro.hardware.fp.sideCap"
04-13 12:56:34.330   874   874 E libc    : Access denied finding property "ro.hardware.fp.fod"
04-13 12:56:34.330   874   874 E libc    : Access denied finding property "ro.hardware.fp.sideCap"
04-13 12:56:34.347   874   874 E libc    : Access denied finding property "ro.hardware.fp.fod"
04-13 12:56:34.347   874   874 E libc    : Access denied finding property "ro.hardware.fp.sideCap"
04-13 12:56:34.364   874   874 E libc    : Access denied finding property "ro.hardware.fp.fod"
04-13 12:56:34.364   874   874 E libc    : Access denied finding property "ro.hardware.fp.sideCap"
04-13 12:56:34.377 27113 27277 V MSF.C.MSFCore[@PS]: [Event] MSFPacketStatistics.cpp(300)::DoCheckRequestTimeout->current rtts:0.000
04-13 12:56:34.380   874   874 E libc    : Access denied finding property "ro.hardware.fp.fod"
04-13 12:56:34.381   874   874 E libc    : Access denied finding property "ro.hardware.fp.sideCap"
04-13 12:56:34.397   874   874 E libc    : Access denied finding property "ro.hardware.fp.fod"
04-13 12:56:34.397   874   874 E libc    : Access denied finding property "ro.hardware.fp.sideCap"
04-13 12:56:34.414   874   874 E libc    : Access denied finding property "ro.hardware.fp.fod"
04-13 12:56:34.414   874   874 E libc    : Access denied finding property "ro.hardware.fp.sideCap"
04-13 12:56:34.431   874   874 E libc    : Access denied finding property "ro.hardware.fp.fod"
04-13 12:56:34.431   874   874 E libc    : Access denied finding property "ro.hardware.fp.sideCap"
04-13 12:56:34.448   874   874 E libc    : Access denied finding property "ro.hardware.fp.fod"
04-13 12:56:34.448   874   874 E libc    : Access denied finding property "ro.hardware.fp.sideCap"
04-13 12:56:34.465   874   874 E libc    : Access denied finding property "ro.hardware.fp.fod"
04-13 12:56:34.465   874   874 E libc    : Access denied finding property "ro.hardware.fp.sideCap"
04-13 12:56:34.481   874   874 E libc    : Access denied finding property "ro.hardware.fp.fod"
04-13 12:56:34.481   874   874 E libc    : Access denied finding property "ro.hardware.fp.sideCap"
04-13 12:56:34.497   874   874 E libc    : Access denied finding property "ro.hardware.fp.fod"
04-13 12:56:34.498   874   874 E libc    : Access denied finding property "ro.hardware.fp.sideCap"
04-13 12:56:34.515   874   874 E libc    : Access denied finding property "ro.hardware.fp.fod"
04-13 12:56:34.515   874   874 E libc    : Access denied finding property "ro.hardware.fp.sideCap"
04-13 12:56:34.531   874   874 E libc    : Access denied finding property "ro.hardware.fp.fod"
04-13 12:56:34.532   874   874 E libc    : Access denied finding property "ro.hardware.fp.sideCap"
04-13 12:56:34.548   874   874 E libc    : Access denied finding property "ro.hardware.fp.fod"
04-13 12:56:34.548   874   874 E libc    : Access denied finding property "ro.hardware.fp.sideCap"
04-13 12:56:34.565   874   874 E libc    : Access denied finding property "ro.hardware.fp.fod"
04-13 12:56:34.565   874   874 E libc    : Access denied finding property "ro.hardware.fp.sideCap"
04-13 12:56:34.581   874   874 E libc    : Access denied finding property "ro.hardware.fp.fod"
04-13 12:56:34.582   874   874 E libc    : Access denied finding property "ro.hardware.fp.sideCap"
04-13 12:56:34.598   874   874 E libc    : Access denied finding property "ro.hardware.fp.fod"
04-13 12:56:34.598   874   874 E libc    : Access denied finding property "ro.hardware.fp.sideCap"
04-13 12:56:34.615   874   874 E libc    : Access denied finding property "ro.hardware.fp.fod"
04-13 12:56:34.615   874   874 E libc    : Access denied finding property "ro.hardware.fp.sideCap"
04-13 12:56:34.631   874   874 E libc    : Access denied finding property "ro.hardware.fp.fod"
04-13 12:56:34.632   874   874 E libc    : Access denied finding property "ro.hardware.fp.sideCap"
04-13 12:56:34.635 20997 21031 V com.miui.mishare.connectivity:new_milink:ipc: milink::ipc::PacketHandleImpl<milink::ipc::PacketClient>::request finish, request.domain=runtime_manager, client=, action=subscribe_runtime_callback, sequence=7, code=7, msg=timeout (packet_handle_impl.cpp:104)
04-13 12:56:34.635 20997 21031 D com.miui.mishare.connectivity:new_milink:trace: milink::dfx::traceTracepoint <process, client_send_end, [5205777417c5de, 248084, 0]> request.domain=runtime_manager, client=, action=subscribe_runtime_callback, sequence=7 (mitrace.cpp:290)
04-13 12:56:34.635 20997 21031 I com.miui.mishare.connectivity:new_milink:runtime_manager: milink::runtime::RuntimeManagerProxy::subscribeRuntimeCallback finish, session_id=com.miui.mishare.connectivity/com.miui.mishare.connectivity, callback=0x7ecde25ac0, code=7, msg=timeout (runtime_manager_proxy.cpp:106)
04-13 12:56:34.636 20997 21031 E com.miui.mishare.connectivity:new_milink:kit: milink::kit::MilinkImpl::installInner subscribe callback failed, code=7, msg=timeout (milink_impl.cpp:130)
04-13 12:56:34.636 20997 21031 D com.miui.mishare.connectivity:new_milink:kit: milink::kit::MilinkImpl::runReinstall retry=2, code=7, msg=timeout (milink_impl.cpp:224)
04-13 12:56:34.648   874   874 E libc    : Access denied finding property "ro.hardware.fp.fod"
04-13 12:56:34.649   874   874 E libc    : Access denied finding property "ro.hardware.fp.sideCap"
04-13 12:56:34.666   874   874 E libc    : Access denied finding property "ro.hardware.fp.fod"
04-13 12:56:34.666   874   874 E libc    : Access denied finding property "ro.hardware.fp.sideCap"
04-13 12:56:34.682   874   874 E libc    : Access denied finding property "ro.hardware.fp.fod"
04-13 12:56:34.682   874   874 E libc    : Access denied finding property "ro.hardware.fp.sideCap"
04-13 12:56:34.699   874   874 E libc    : Access denied finding property "ro.hardware.fp.fod"
04-13 12:56:34.699   874   874 E libc    : Access denied finding property "ro.hardware.fp.sideCap"
04-13 12:56:34.715   874   874 E libc    : Access denied finding property "ro.hardware.fp.fod"
04-13 12:56:34.716   874   874 E libc    : Access denied finding property "ro.hardware.fp.sideCap"
04-13 12:56:34.732   874   874 E libc    : Access denied finding property "ro.hardware.fp.fod"
04-13 12:56:34.733   874   874 E libc    : Access denied finding property "ro.hardware.fp.sideCap"
04-13 12:56:34.749   874   874 E libc    : Access denied finding property "ro.hardware.fp.fod"
04-13 12:56:34.749   874   874 E libc    : Access denied finding property "ro.hardware.fp.sideCap"
04-13 12:56:34.766   874   874 E libc    : Access denied finding property "ro.hardware.fp.fod"
04-13 12:56:34.766   874   874 E libc    : Access denied finding property "ro.hardware.fp.sideCap"
04-13 12:56:34.780  1970  2269 I MiuiNetworkPolicy: bandwidth: 1 KB/s, Max bandwidth: 3401 KB/s
04-13 12:56:34.783   874   874 E libc    : Access denied finding property "ro.hardware.fp.fod"
04-13 12:56:34.784   874   874 E libc    : Access denied finding property "ro.hardware.fp.sideCap"
04-13 12:56:34.799   874   874 E libc    : Access denied finding property "ro.hardware.fp.fod"
04-13 12:56:34.800   874   874 E libc    : Access denied finding property "ro.hardware.fp.sideCap"
04-13 12:56:34.816   874   874 E libc    : Access denied finding property "ro.hardware.fp.fod"
04-13 12:56:34.816   874   874 E libc    : Access denied finding property "ro.hardware.fp.sideCap"
04-13 12:56:34.833   874   874 E libc    : Access denied finding property "ro.hardware.fp.fod"
04-13 12:56:34.834   874   874 E libc    : Access denied finding property "ro.hardware.fp.sideCap"
04-13 12:56:34.841   815   815 E FIDOCA : : get_fp_vendor property_get : none
04-13 12:56:34.849   874   874 E libc    : Access denied finding property "ro.hardware.fp.fod"
04-13 12:56:34.850   874   874 E libc    : Access denied finding property "ro.hardware.fp.sideCap"
04-13 12:56:34.856   874   874 W surfaceflinger: type=1400 audit(0.0:2919604): avc: denied { read } for name="u:object_r:vendor_fp_prop:s0" dev="tmpfs" ino=16948 scontext=u:r:surfaceflinger:s0 tcontext=u:object_r:vendor_fp_prop:s0 tclass=file permissive=0
04-13 12:56:34.856   874   874 W surfaceflinger: type=1400 audit(0.0:2919605): avc: denied { read } for name="u:object_r:vendor_fp_prop:s0" dev="tmpfs" ino=16948 scontext=u:r:surfaceflinger:s0 tcontext=u:object_r:vendor_fp_prop:s0 tclass=file permissive=0
04-13 12:56:34.866   874   874 E libc    : Access denied finding property "ro.hardware.fp.fod"
04-13 12:56:34.867   874   874 E libc    : Access denied finding property "ro.hardware.fp.sideCap"
04-13 12:56:34.876   874   874 W surfaceflinger: type=1400 audit(0.0:2919606): avc: denied { read } for name="u:object_r:vendor_fp_prop:s0" dev="tmpfs" ino=16948 scontext=u:r:surfaceflinger:s0 tcontext=u:object_r:vendor_fp_prop:s0 tclass=file permissive=0
04-13 12:56:34.876   874   874 W surfaceflinger: type=1400 audit(0.0:2919607): avc: denied { read } for name="u:object_r:vendor_fp_prop:s0" dev="tmpfs" ino=16948 scontext=u:r:surfaceflinger:s0 tcontext=u:object_r:vendor_fp_prop:s0 tclass=file permissive=0
04-13 12:56:34.884   874   874 E libc    : Access denied finding property "ro.hardware.fp.fod"
04-13 12:56:34.884   874   874 E libc    : Access denied finding property "ro.hardware.fp.sideCap"
04-13 12:56:34.900   874   874 E libc    : Access denied finding property "ro.hardware.fp.fod"
04-13 12:56:34.900   874   874 E libc    : Access denied finding property "ro.hardware.fp.sideCap"
04-13 12:56:34.886   874   874 W surfaceflinger: type=1400 audit(0.0:2919608): avc: denied { read } for name="u:object_r:vendor_fp_prop:s0" dev="tmpfs" ino=16948 scontext=u:r:surfaceflinger:s0 tcontext=u:object_r:vendor_fp_prop:s0 tclass=file permissive=0
04-13 12:56:34.917   874   874 E libc    : Access denied finding property "ro.hardware.fp.fod"
04-13 12:56:34.917   874   874 E libc    : Access denied finding property "ro.hardware.fp.sideCap"
04-13 12:56:34.933   874   874 E libc    : Access denied finding property "ro.hardware.fp.fod"
04-13 12:56:34.933   874   874 E libc    : Access denied finding property "ro.hardware.fp.sideCap"
04-13 12:56:34.950   874   874 E libc    : Access denied finding property "ro.hardware.fp.fod"
04-13 12:56:34.950   874   874 E libc    : Access denied finding property "ro.hardware.fp.sideCap"
04-13 12:56:34.967   874   874 E libc    : Access denied finding property "ro.hardware.fp.fod"
04-13 12:56:34.967   874   874 E libc    : Access denied finding property "ro.hardware.fp.sideCap"
04-13 12:56:34.983   874   874 E libc    : Access denied finding property "ro.hardware.fp.fod"
04-13 12:56:34.984   874   874 E libc    : Access denied finding property "ro.hardware.fp.sideCap"
04-13 12:56:35.000   874   874 E libc    : Access denied finding property "ro.hardware.fp.fod"
04-13 12:56:35.000   874   874 E libc    : Access denied finding property "ro.hardware.fp.sideCap"
04-13 12:56:35.017   874   874 E libc    : Access denied finding property "ro.hardware.fp.fod"
04-13 12:56:35.017   874   874 E libc    : Access denied finding property "ro.hardware.fp.sideCap"
04-13 12:56:35.035   874   874 E libc    : Access denied finding property "ro.hardware.fp.fod"
04-13 12:56:35.035   874   874 E libc    : Access denied finding property "ro.hardware.fp.sideCap"
04-13 12:56:35.051   874   874 E libc    : Access denied finding property "ro.hardware.fp.fod"
04-13 12:56:35.052   874   874 E libc    : Access denied finding property "ro.hardware.fp.sideCap"
04-13 12:56:35.066   820  1234 W ServiceManagement: Waited one second for vendor.xiaomi.hardware.mfidoca@1.0::IFidoService/default
04-13 12:56:35.067   820  4819 W ServiceManagement: Waited one second for vendor.xiaomi.hardware.mfidoca@1.0::IFidoService/default
04-13 12:56:35.067   874   874 E libc    : Access denied finding property "ro.hardware.fp.fod"
04-13 12:56:35.067   874   874 E libc    : Access denied finding property "ro.hardware.fp.sideCap"
04-13 12:56:35.068   820  1234 I ServiceManagement: getService: Trying again for vendor.xiaomi.hardware.mfidoca@1.0::IFidoService/default...
04-13 12:56:35.068   820  4819 I ServiceManagement: getService: Trying again for vendor.xiaomi.hardware.mfidoca@1.0::IFidoService/default...
04-13 12:56:35.084   874   874 E libc    : Access denied finding property "ro.hardware.fp.fod"
04-13 12:56:35.085   874   874 E libc    : Access denied finding property "ro.hardware.fp.sideCap"
04-13 12:56:35.100   874   874 E libc    : Access denied finding property "ro.hardware.fp.fod"
04-13 12:56:35.100   874   874 E libc    : Access denied finding property "ro.hardware.fp.sideCap"
04-13 12:56:35.135   874   874 E libc    : Access denied finding property "ro.hardware.fp.fod"
04-13 12:56:35.135   874   874 E libc    : Access denied finding property "ro.hardware.fp.sideCap"
04-13 12:56:35.151   874   874 E libc    : Access denied finding property "ro.hardware.fp.fod"
04-13 12:56:35.151   874   874 E libc    : Access denied finding property "ro.hardware.fp.sideCap"
04-13 12:56:35.168   874   874 E libc    : Access denied finding property "ro.hardware.fp.fod"
04-13 12:56:35.168   874   874 E libc    : Access denied finding property "ro.hardware.fp.sideCap"
04-13 12:56:35.184   874   874 E libc    : Access denied finding property "ro.hardware.fp.fod"
04-13 12:56:35.184   874   874 E libc    : Access denied finding property "ro.hardware.fp.sideCap"
04-13 12:56:35.201   874   874 E libc    : Access denied finding property "ro.hardware.fp.fod"
04-13 12:56:35.201   874   874 E libc    : Access denied finding property "ro.hardware.fp.sideCap"
04-13 12:56:35.218   874   874 E libc    : Access denied finding property "ro.hardware.fp.fod"
04-13 12:56:35.219   874   874 E libc    : Access denied finding property "ro.hardware.fp.sideCap"
04-13 12:56:35.236   874   874 E libc    : Access denied finding property "ro.hardware.fp.fod"
04-13 12:56:35.236   874   874 E libc    : Access denied finding property "ro.hardware.fp.sideCap"
04-13 12:56:35.251   874   874 E libc    : Access denied finding property "ro.hardware.fp.fod"
04-13 12:56:35.252   874   874 E libc    : Access denied finding property "ro.hardware.fp.sideCap"
04-13 12:56:35.268   874   874 E libc    : Access denied finding property "ro.hardware.fp.fod"
04-13 12:56:35.268   874   874 E libc    : Access denied finding property "ro.hardware.fp.sideCap"
04-13 12:56:35.285   874   874 E libc    : Access denied finding property "ro.hardware.fp.fod"
04-13 12:56:35.286   874   874 E libc    : Access denied finding property "ro.hardware.fp.sideCap"
04-13 12:56:35.302   874   874 E libc    : Access denied finding property "ro.hardware.fp.fod"
04-13 12:56:35.302   874   874 E libc    : Access denied finding property "ro.hardware.fp.sideCap"
04-13 12:56:35.303 12498 12532 E ipc     : milink::ipc::PacketServerInitializerImpl::onReceiveData failed, client=10088-20997, data=2060615269, length=152, code=8, msg=no handler (packet_server_initializer_impl.cpp:275)
04-13 12:56:35.304 12498 12532 I com.milink.runtime:new_milink:MessengerService: receive data hash-id: -137626267
--------- beginning of system
04-13 12:56:35.305 20997 21123 W BpBinder: Slow Binder: BpBinder transact took 10706 ms, interface=android.content.IContentProvider, code=21 oneway=false
04-13 12:56:35.318   874   874 E libc    : Access denied finding property "ro.hardware.fp.fod"
04-13 12:56:35.319   874   874 E libc    : Access denied finding property "ro.hardware.fp.sideCap"
04-13 12:56:35.335   874   874 E libc    : Access denied finding property "ro.hardware.fp.fod"
04-13 12:56:35.336   874   874 E libc    : Access denied finding property "ro.hardware.fp.sideCap"
04-13 12:56:35.352   874   874 E libc    : Access denied finding property "ro.hardware.fp.fod"
04-13 12:56:35.352   874   874 E libc    : Access denied finding property "ro.hardware.fp.sideCap"
04-13 12:56:35.368   874   874 E libc    : Access denied finding property "ro.hardware.fp.fod"
04-13 12:56:35.369   874   874 E libc    : Access denied finding property "ro.hardware.fp.sideCap"
04-13 12:56:35.386   874   874 E libc    : Access denied finding property "ro.hardware.fp.fod"
04-13 12:56:35.386   874   874 E libc    : Access denied finding property "ro.hardware.fp.sideCap"
04-13 12:56:35.402   874   874 E libc    : Access denied finding property "ro.hardware.fp.fod"
04-13 12:56:35.403   874   874 E libc    : Access denied finding property "ro.hardware.fp.sideCap"
04-13 12:56:35.416 27113 27277 V MSF.C.MSFCore[@PS]: [Event] MSFPacketStatistics.cpp(300)::DoCheckRequestTimeout->current rtts:0.000
04-13 12:56:35.419   874   874 E libc    : Access denied finding property "ro.hardware.fp.fod"
04-13 12:56:35.419   874   874 E libc    : Access denied finding property "ro.hardware.fp.sideCap"
04-13 12:56:35.436   874   874 E libc    : Access denied finding property "ro.hardware.fp.fod"
04-13 12:56:35.437   874   874 E libc    : Access denied finding property "ro.hardware.fp.sideCap"
04-13 12:56:35.453   874   874 E libc    : Access denied finding property "ro.hardware.fp.fod"
04-13 12:56:35.453   874   874 E libc    : Access denied finding property "ro.hardware.fp.sideCap"
04-13 12:56:35.469   874   874 E libc    : Access denied finding property "ro.hardware.fp.fod"
04-13 12:56:35.469   874   874 E libc    : Access denied finding property "ro.hardware.fp.sideCap"
04-13 12:56:35.486   874   874 E libc    : Access denied finding property "ro.hardware.fp.fod"
04-13 12:56:35.486   874   874 E libc    : Access denied finding property "ro.hardware.fp.sideCap"
04-13 12:56:35.503   874   874 E libc    : Access denied finding property "ro.hardware.fp.fod"
04-13 12:56:35.503   874   874 E libc    : Access denied finding property "ro.hardware.fp.sideCap"
04-13 12:56:35.519   874   874 E libc    : Access denied finding property "ro.hardware.fp.fod"
04-13 12:56:35.520   874   874 E libc    : Access denied finding property "ro.hardware.fp.sideCap"
04-13 12:56:35.536   874   874 E libc    : Access denied finding property "ro.hardware.fp.fod"
04-13 12:56:35.536   874   874 E libc    : Access denied finding property "ro.hardware.fp.sideCap"
04-13 12:56:35.553   874   874 E libc    : Access denied finding property "ro.hardware.fp.fod"
04-13 12:56:35.553   874   874 E libc    : Access denied finding property "ro.hardware.fp.sideCap"
04-13 12:56:35.569   874   874 E libc    : Access denied finding property "ro.hardware.fp.fod"
04-13 12:56:35.570   874   874 E libc    : Access denied finding property "ro.hardware.fp.sideCap"
04-13 12:56:35.586   874   874 E libc    : Access denied finding property "ro.hardware.fp.fod"
04-13 12:56:35.587   874   874 E libc    : Access denied finding property "ro.hardware.fp.sideCap"
04-13 12:56:35.603   874   874 E libc    : Access denied finding property "ro.hardware.fp.fod"
04-13 12:56:35.603   874   874 E libc    : Access denied finding property "ro.hardware.fp.sideCap"
04-13 12:56:35.620   874   874 E libc    : Access denied finding property "ro.hardware.fp.fod"
04-13 12:56:35.620   874   874 E libc    : Access denied finding property "ro.hardware.fp.sideCap"
04-13 12:56:35.637   874   874 E libc    : Access denied finding property "ro.hardware.fp.fod"
04-13 12:56:35.637   874   874 E libc    : Access denied finding property "ro.hardware.fp.sideCap"
04-13 12:56:35.640 20997 21031 I com.miui.mishare.connectivity:new_milink:runtime_manager: milink::runtime::RuntimeManagerProxy::subscribeRuntimeCallback app_id=com.miui.mishare.connectivity/com.miui.mishare.connectivity, callback=0x7ecde25ac0 (runtime_manager_proxy.cpp:67)
04-13 12:56:35.640 20997 21031 I com.miui.mishare.connectivity:new_milink:runtime_manager: milink::runtime::RuntimeCallbackProxy::subscribeRuntimeCallback app_id=com.miui.mishare.connectivity/com.miui.mishare.connectivity, callback=0x7ecde25ac0 (runtime_callback_proxy.cpp:23)
04-13 12:56:35.640 20997 21031 D com.miui.mishare.connectivity:new_milink:trace: milink::dfx::traceTracepoint <process, client_send_begin, [5205777417c5de, 2eb1b30, 0]> request.domain=runtime_manager, client=, action=subscribe_runtime_callback, sequence=8, option.async=0, timeout=10000 (mitrace.cpp:290)
04-13 12:56:35.641 20997 21031 V com.miui.mishare.connectivity:new_milink:ipc: milink::ipc::PacketHandleImpl<milink::ipc::PacketClient>::request request.domain=runtime_manager, client=, action=subscribe_runtime_callback, sequence=8, response=0x7e658028c0, option.async=0, timeout=10000 (packet_handle_impl.cpp:71)
04-13 12:56:35.641 20997 21031 V com.miui.mishare.connectivity:new_milink:ipc: milink::ipc::PacketClientInitializerImpl::sendData data=-589333102, length=152 (packet_client_initializer_impl.cpp:154)
04-13 12:56:35.641 20997 21031 V com.miui.mishare.connectivity:new_milink:ipc: milink::ipc::PacketClientInitializerImpl::sendData finish, data=-589333102, length=152, code=0, msg= (packet_client_initializer_impl.cpp:196)
04-13 12:56:35.646 12498 12532 I com.milink.runtime:new_milink:DataContentProvider: Call content://provider.milink.mi.com/messenger#send from com.miui.mishare.connectivity, content://provider.milink.mi.com/messenger#send
04-13 12:56:35.654   874   874 E libc    : Access denied finding property "ro.hardware.fp.fod"
04-13 12:56:35.654   874   874 E libc    : Access denied finding property "ro.hardware.fp.sideCap"
04-13 12:56:35.670   874   874 E libc    : Access denied finding property "ro.hardware.fp.fod"
04-13 12:56:35.671   874   874 E libc    : Access denied finding property "ro.hardware.fp.sideCap"
04-13 12:56:35.686   874   874 E libc    : Access denied finding property "ro.hardware.fp.fod"
04-13 12:56:35.687   874   874 E libc    : Access denied finding property "ro.hardware.fp.sideCap"
04-13 12:56:35.704   874   874 E libc    : Access denied finding property "ro.hardware.fp.fod"
04-13 12:56:35.704   874   874 E libc    : Access denied finding property "ro.hardware.fp.sideCap"
04-13 12:56:35.721   874   874 E libc    : Access denied finding property "ro.hardware.fp.fod"
04-13 12:56:35.721   874   874 E libc    : Access denied finding property "ro.hardware.fp.sideCap"
04-13 12:56:35.734   774  3248 I vendor.qti.bluetooth@1.0-ibs_handler: ProcessIbsCmd: Received IBS_WAKE_IND: 0xFD
04-13 12:56:35.735   774  3248 D vendor.qti.bluetooth@1.0-ibs_handler: SerialClockVote: vote for UART CLK ON
04-13 12:56:35.736   774  3248 D vendor.qti.bluetooth@1.0-wake_lock: Acquire wakelock is acquired 
04-13 12:56:35.736   774  3248 I vendor.qti.bluetooth@1.0-ibs_handler: ProcessIbsCmd: Writing IBS_WAKE_ACK
04-13 12:56:35.737   874   874 E libc    : Access denied finding property "ro.hardware.fp.fod"
04-13 12:56:35.737   874   874 E libc    : Access denied finding property "ro.hardware.fp.sideCap"
04-13 12:56:35.739  2335  3250 V bt_stack: [VERBOSE1:btm_ble_gap.cc(1923)] btm_ble_process_ext_adv_pkt: bda=70:61:ee:74:6c:72
04-13 12:56:35.740  2335  3250 V bt_stack: [VERBOSE1:btm_ble_gap.cc(1847)] btm_ble_process_adv_addr: bda=70:61:ee:74:6c:72
04-13 12:56:35.740  2335  3250 V bt_stack: [VERBOSE1:btm_ble_gap.cc(2052)]  Waiting for scan response 70:61:ee:74:6c:72
04-13 12:56:35.754   874   874 E libc    : Access denied finding property "ro.hardware.fp.fod"
04-13 12:56:35.754   874   874 E libc    : Access denied finding property "ro.hardware.fp.sideCap"
04-13 12:56:35.771   874   874 E libc    : Access denied finding property "ro.hardware.fp.fod"
04-13 12:56:35.771   874   874 E libc    : Access denied finding property "ro.hardware.fp.sideCap"
04-13 12:56:35.777   774  3248 I vendor.qti.bluetooth@1.0-ibs_handler: ProcessIbsCmd: Received IBS_SLEEP_IND: 0xFE
04-13 12:56:35.777   774  3248 D vendor.qti.bluetooth@1.0-ibs_handler: SerialClockVote: vote for UART CLK OFF
04-13 12:56:35.787   874   874 E libc    : Access denied finding property "ro.hardware.fp.fod"
04-13 12:56:35.787   874   874 E libc    : Access denied finding property "ro.hardware.fp.sideCap"
04-13 12:56:35.805   874   874 E libc    : Access denied finding property "ro.hardware.fp.fod"
04-13 12:56:35.805   874   874 E libc    : Access denied finding property "ro.hardware.fp.sideCap"
04-13 12:56:35.821   874   874 E libc    : Access denied finding property "ro.hardware.fp.fod"
04-13 12:56:35.821   874   874 E libc    : Access denied finding property "ro.hardware.fp.sideCap"
04-13 12:56:35.838   874   874 E libc    : Access denied finding property "ro.hardware.fp.fod"
04-13 12:56:35.838   874   874 E libc    : Access denied finding property "ro.hardware.fp.sideCap"
04-13 12:56:35.841   815   815 E FIDOCA : : get_fp_vendor property_get : none
04-13 12:56:35.855   874   874 E libc    : Access denied finding property "ro.hardware.fp.fod"
04-13 12:56:35.855   874   874 E libc    : Access denied finding property "ro.hardware.fp.sideCap"
04-13 12:56:35.871   874   874 E libc    : Access denied finding property "ro.hardware.fp.fod"
04-13 12:56:35.871   874   874 E libc    : Access denied finding property "ro.hardware.fp.sideCap"
04-13 12:56:35.876   874   874 W surfaceflinger: type=1400 audit(0.0:2919724): avc: denied { read } for name="u:object_r:vendor_fp_prop:s0" dev="tmpfs" ino=16948 scontext=u:r:surfaceflinger:s0 tcontext=u:object_r:vendor_fp_prop:s0 tclass=file permissive=0
04-13 12:56:35.888   874   874 E libc    : Access denied finding property "ro.hardware.fp.fod"
04-13 12:56:35.888   874   874 E libc    : Access denied finding property "ro.hardware.fp.sideCap"
04-13 12:56:35.876   874   874 W surfaceflinger: type=1400 audit(0.0:2919725): avc: denied { read } for name="u:object_r:vendor_fp_prop:s0" dev="tmpfs" ino=16948 scontext=u:r:surfaceflinger:s0 tcontext=u:object_r:vendor_fp_prop:s0 tclass=file permissive=0
04-13 12:56:35.905   874   874 E libc    : Access denied finding property "ro.hardware.fp.fod"
04-13 12:56:35.905   874   874 E libc    : Access denied finding property "ro.hardware.fp.sideCap"
04-13 12:56:35.896   874   874 W surfaceflinger: type=1400 audit(0.0:2919726): avc: denied { read } for name="u:object_r:vendor_fp_prop:s0" dev="tmpfs" ino=16948 scontext=u:r:surfaceflinger:s0 tcontext=u:object_r:vendor_fp_prop:s0 tclass=file permissive=0
04-13 12:56:35.896   874   874 W surfaceflinger: type=1400 audit(0.0:2919727): avc: denied { read } for name="u:object_r:vendor_fp_prop:s0" dev="tmpfs" ino=16948 scontext=u:r:surfaceflinger:s0 tcontext=u:object_r:vendor_fp_prop:s0 tclass=file permissive=0
04-13 12:56:35.922   874   874 E libc    : Access denied finding property "ro.hardware.fp.fod"
04-13 12:56:35.922   874   874 E libc    : Access denied finding property "ro.hardware.fp.sideCap"
04-13 12:56:35.906   874   874 W surfaceflinger: type=1400 audit(0.0:2919728): avc: denied { read } for name="u:object_r:vendor_fp_prop:s0" dev="tmpfs" ino=16948 scontext=u:r:surfaceflinger:s0 tcontext=u:object_r:vendor_fp_prop:s0 tclass=file permissive=0
04-13 12:56:35.928   774  2894 D vendor.qti.bluetooth@1.0-wake_lock: Release wakelock is released 
04-13 12:56:35.938   874   874 E libc    : Access denied finding property "ro.hardware.fp.fod"
04-13 12:56:35.938   874   874 E libc    : Access denied finding property "ro.hardware.fp.sideCap"
04-13 12:56:35.956   874   874 E libc    : Access denied finding property "ro.hardware.fp.fod"
04-13 12:56:35.956   874   874 E libc    : Access denied finding property "ro.hardware.fp.sideCap"
04-13 12:56:35.972   874   874 E libc    : Access denied finding property "ro.hardware.fp.fod"
04-13 12:56:35.972   874   874 E libc    : Access denied finding property "ro.hardware.fp.sideCap"
04-13 12:56:35.989   874   874 E libc    : Access denied finding property "ro.hardware.fp.fod"
04-13 12:56:35.989   874   874 E libc    : Access denied finding property "ro.hardware.fp.sideCap"
04-13 12:56:36.006   874   874 E libc    : Access denied finding property "ro.hardware.fp.fod"
04-13 12:56:36.006   874   874 E libc    : Access denied finding property "ro.hardware.fp.sideCap"
04-13 12:56:36.022   874   874 E libc    : Access denied finding property "ro.hardware.fp.fod"
04-13 12:56:36.022   874   874 E libc    : Access denied finding property "ro.hardware.fp.sideCap"
04-13 12:56:36.039   874   874 E libc    : Access denied finding property "ro.hardware.fp.fod"
04-13 12:56:36.039   874   874 E libc    : Access denied finding property "ro.hardware.fp.sideCap"
04-13 12:56:36.055   874   874 E libc    : Access denied finding property "ro.hardware.fp.fod"
04-13 12:56:36.056   874   874 E libc    : Access denied finding property "ro.hardware.fp.sideCap"
04-13 12:56:36.068   820  1234 W ServiceManagement: Waited one second for vendor.xiaomi.hardware.mfidoca@1.0::IFidoService/default
04-13 12:56:36.068   820  4819 W ServiceManagement: Waited one second for vendor.xiaomi.hardware.mfidoca@1.0::IFidoService/default
04-13 12:56:36.070   820  1234 I ServiceManagement: getService: Trying again for vendor.xiaomi.hardware.mfidoca@1.0::IFidoService/default...
04-13 12:56:36.070   820  4819 I ServiceManagement: getService: Trying again for vendor.xiaomi.hardware.mfidoca@1.0::IFidoService/default...
04-13 12:56:36.072   874   874 E libc    : Access denied finding property "ro.hardware.fp.fod"
04-13 12:56:36.072   874   874 E libc    : Access denied finding property "ro.hardware.fp.sideCap"
04-13 12:56:36.089   874   874 E libc    : Access denied finding property "ro.hardware.fp.fod"
04-13 12:56:36.089   874   874 E libc    : Access denied finding property "ro.hardware.fp.sideCap"
04-13 12:56:36.106   874   874 E libc    : Access denied finding property "ro.hardware.fp.fod"
04-13 12:56:36.106   874   874 E libc    : Access denied finding property "ro.hardware.fp.sideCap"
04-13 12:56:36.123   874   874 E libc    : Access denied finding property "ro.hardware.fp.fod"
04-13 12:56:36.123   874   874 E libc    : Access denied finding property "ro.hardware.fp.sideCap"
04-13 12:56:36.139   874   874 E libc    : Access denied finding property "ro.hardware.fp.fod"
04-13 12:56:36.139   874   874 E libc    : Access denied finding property "ro.hardware.fp.sideCap"
04-13 12:56:36.156   874   874 E libc    : Access denied finding property "ro.hardware.fp.fod"
04-13 12:56:36.156   874   874 E libc    : Access denied finding property "ro.hardware.fp.sideCap"
04-13 12:56:36.173   874   874 E libc    : Access denied finding property "ro.hardware.fp.fod"
04-13 12:56:36.173   874   874 E libc    : Access denied finding property "ro.hardware.fp.sideCap"
04-13 12:56:36.173 27113 27290 V MSF.C.MSFCore[@DD]: [Event] MSFDDNetworkEngine.cpp(179)::onTcpInfoUpdate->onTcpInfoUpdate:
04-13 12:56:36.173 27113 27290 V MSF.C.MSFCore[@DD]:                      tcpi_state = 1;
04-13 12:56:36.173 27113 27290 V MSF.C.MSFCore[@DD]:                      tcpi_ca_state = 0;
04-13 12:56:36.173 27113 27290 V MSF.C.MSFCore[@DD]:                      tcpi_rto = 270 ms;
04-13 12:56:36.173 27113 27290 V MSF.C.MSFCore[@DD]:                      tcpi_unacked = 0;
04-13 12:56:36.173 27113 27290 V MSF.C.MSFCore[@DD]:                      tcpi_rttcur = 62 ms;
04-13 12:56:36.173 27113 27290 V MSF.C.MSFCore[@DD]:                      tcpi_rttvar = 25 ms;
04-13 12:56:36.173 27113 27290 V MSF.C.MSFCore[@DD]:                      tcpi_bytes_retrans = 0 bytes;
04-13 12:56:36.173 27113 27290 V MSF.C.MSFCore[@DD]:                      tcpi_notsent_bytes = 0 bytes;
04-13 12:56:36.173 27113 27290 V MSF.C.MSFCore[@DD]:                      tcpi_bytes_received = 33 bytes;
04-13 12:56:36.173 27113 27290 V MSF.C.MSFCore[@DD]:                      tcpi_bytes_sent = 0 bytes 
04-13 12:56:36.173 27113 27290 V MSF.C.MSFCore[@DD]:                      tcpi_last_data_sent = 4820 ms 
04-13 12:56:36.173 27113 27290 V MSF.C.MSFCore[@DD]:                      tcpi_last_data_recv = 4740 ms 
04-13 12:56:36.189   874   874 E libc    : Access denied finding property "ro.hardware.fp.fod"
04-13 12:56:36.190   874   874 E libc    : Access denied finding property "ro.hardware.fp.sideCap"
04-13 12:56:36.206   874   874 E libc    : Access denied finding property "ro.hardware.fp.fod"
04-13 12:56:36.206   874   874 E libc    : Access denied finding property "ro.hardware.fp.sideCap"
04-13 12:56:36.223   874   874 E libc    : Access denied finding property "ro.hardware.fp.fod"
04-13 12:56:36.223   874   874 E libc    : Access denied finding property "ro.hardware.fp.sideCap"
04-13 12:56:36.240   874   874 E libc    : Access denied finding property "ro.hardware.fp.fod"
04-13 12:56:36.240   874   874 E libc    : Access denied finding property "ro.hardware.fp.sideCap"
04-13 12:56:36.256   874   874 E libc    : Access denied finding property "ro.hardware.fp.fod"
04-13 12:56:36.256   874   874 E libc    : Access denied finding property "ro.hardware.fp.sideCap"
04-13 12:56:36.273   874   874 E libc    : Access denied finding property "ro.hardware.fp.fod"
04-13 12:56:36.273   874   874 E libc    : Access denied finding property "ro.hardware.fp.sideCap"
04-13 12:56:36.290   874   874 E libc    : Access denied finding property "ro.hardware.fp.fod"
04-13 12:56:36.290   874   874 E libc    : Access denied finding property "ro.hardware.fp.sideCap"
04-13 12:56:36.307   874   874 E libc    : Access denied finding property "ro.hardware.fp.fod"
04-13 12:56:36.307   874   874 E libc    : Access denied finding property "ro.hardware.fp.sideCap"
04-13 12:56:36.323   874   874 E libc    : Access denied finding property "ro.hardware.fp.fod"
04-13 12:56:36.324   874   874 E libc    : Access denied finding property "ro.hardware.fp.sideCap"
04-13 12:56:36.340   874   874 E libc    : Access denied finding property "ro.hardware.fp.fod"
04-13 12:56:36.340   874   874 E libc    : Access denied finding property "ro.hardware.fp.sideCap"
04-13 12:56:36.357   874   874 E libc    : Access denied finding property "ro.hardware.fp.fod"
04-13 12:56:36.357   874   874 E libc    : Access denied finding property "ro.hardware.fp.sideCap"
04-13 12:56:36.374   874   874 E libc    : Access denied finding property "ro.hardware.fp.fod"
04-13 12:56:36.374   874   874 E libc    : Access denied finding property "ro.hardware.fp.sideCap"
04-13 12:56:36.391   874   874 E libc    : Access denied finding property "ro.hardware.fp.fod"
04-13 12:56:36.391   874   874 E libc    : Access denied finding property "ro.hardware.fp.sideCap"
04-13 12:56:36.407   874   874 E libc    : Access denied finding property "ro.hardware.fp.fod"
04-13 12:56:36.407   874   874 E libc    : Access denied finding property "ro.hardware.fp.sideCap"
04-13 12:56:36.424   874   874 E libc    : Access denied finding property "ro.hardware.fp.fod"
04-13 12:56:36.424   874   874 E libc    : Access denied finding property "ro.hardware.fp.sideCap"
04-13 12:56:36.441   874   874 E libc    : Access denied finding property "ro.hardware.fp.fod"
04-13 12:56:36.441   874   874 E libc    : Access denied finding property "ro.hardware.fp.sideCap"
04-13 12:56:36.453 27113 27277 V MSF.C.MSFCore[@PS]: [Event] MSFPacketStatistics.cpp(300)::DoCheckRequestTimeout->current rtts:0.000
04-13 12:56:36.457   874   874 E libc    : Access denied finding property "ro.hardware.fp.fod"
04-13 12:56:36.458   874   874 E libc    : Access denied finding property "ro.hardware.fp.sideCap"
04-13 12:56:36.474   874   874 E libc    : Access denied finding property "ro.hardware.fp.fod"
04-13 12:56:36.474   874   874 E libc    : Access denied finding property "ro.hardware.fp.sideCap"
04-13 12:56:36.491   874   874 E libc    : Access denied finding property "ro.hardware.fp.fod"
04-13 12:56:36.491   874   874 E libc    : Access denied finding property "ro.hardware.fp.sideCap"
04-13 12:56:36.507   874   874 E libc    : Access denied finding property "ro.hardware.fp.fod"
04-13 12:56:36.508   874   874 E libc    : Access denied finding property "ro.hardware.fp.sideCap"
04-13 12:56:36.524   874   874 E libc    : Access denied finding property "ro.hardware.fp.fod"
04-13 12:56:36.525   874   874 E libc    : Access denied finding property "ro.hardware.fp.sideCap"
04-13 12:56:36.541   874   874 E libc    : Access denied finding property "ro.hardware.fp.fod"
04-13 12:56:36.541   874   874 E libc    : Access denied finding property "ro.hardware.fp.sideCap"
04-13 12:56:36.558   874   874 E libc    : Access denied finding property "ro.hardware.fp.fod"
04-13 12:56:36.558   874   874 E libc    : Access denied finding property "ro.hardware.fp.sideCap"
04-13 12:56:36.574   874   874 E libc    : Access denied finding property "ro.hardware.fp.fod"
04-13 12:56:36.575   874   874 E libc    : Access denied finding property "ro.hardware.fp.sideCap"
04-13 12:56:36.591   874   874 E libc    : Access denied finding property "ro.hardware.fp.fod"
04-13 12:56:36.591   874   874 E libc    : Access denied finding property "ro.hardware.fp.sideCap"
04-13 12:56:36.608   874   874 E libc    : Access denied finding property "ro.hardware.fp.fod"
04-13 12:56:36.608   874   874 E libc    : Access denied finding property "ro.hardware.fp.sideCap"
04-13 12:56:36.625   874   874 E libc    : Access denied finding property "ro.hardware.fp.fod"
04-13 12:56:36.625   874   874 E libc    : Access denied finding property "ro.hardware.fp.sideCap"
04-13 12:56:36.641   874   874 E libc    : Access denied finding property "ro.hardware.fp.fod"
04-13 12:56:36.642   874   874 E libc    : Access denied finding property "ro.hardware.fp.sideCap"
04-13 12:56:36.658   874   874 E libc    : Access denied finding property "ro.hardware.fp.fod"
04-13 12:56:36.658   874   874 E libc    : Access denied finding property "ro.hardware.fp.sideCap"
04-13 12:56:36.675   874   874 E libc    : Access denied finding property "ro.hardware.fp.fod"
04-13 12:56:36.675   874   874 E libc    : Access denied finding property "ro.hardware.fp.sideCap"
04-13 12:56:36.692   874   874 E libc    : Access denied finding property "ro.hardware.fp.fod"
04-13 12:56:36.692   874   874 E libc    : Access denied finding property "ro.hardware.fp.sideCap"
04-13 12:56:36.711   874   874 E libc    : Access denied finding property "ro.hardware.fp.fod"
04-13 12:56:36.711   874   874 E libc    : Access denied finding property "ro.hardware.fp.sideCap"
04-13 12:56:36.724   874   874 E libc    : Access denied finding property "ro.hardware.fp.fod"
04-13 12:56:36.724   874   874 E libc    : Access denied finding property "ro.hardware.fp.sideCap"
04-13 12:56:36.741   874   874 E libc    : Access denied finding property "ro.hardware.fp.fod"
04-13 12:56:36.741   874   874 E libc    : Access denied finding property "ro.hardware.fp.sideCap"
