2026-04-12T14:06:49.2226088Z /home/runner/work/project-fusion/project-fusion/android-companion/app/src/main/java/com/fusion/companion/service/ModeManager.java:539: error: method isPCOnline() is already defined in class ModeManager
2026-04-12T14:06:49.4225303Z /home/runner/work/project-fusion/project-fusion/android-companion/app/src/main/java/com/fusion/companion/MainActivity.java:18: error: cannot find symbol
2026-04-12T14:06:49.4316482Z /home/runner/work/project-fusion/project-fusion/android-companion/app/src/main/java/com/fusion/companion/voice/VoiceTestActivity.java:13: error: cannot find symbol
2026-04-12T14:06:49.4395640Z /home/runner/work/project-fusion/project-fusion/android-companion/app/src/main/java/com/fusion/companion/voice/VoiceTestActivity.java:14: error: package androidx.appcompat.app does not exist
2026-04-12T14:06:49.4442520Z /home/runner/work/project-fusion/project-fusion/android-companion/app/src/main/java/com/fusion/companion/voice/VoiceTestActivity.java:15: error: package androidx.core.app does not exist
2026-04-12T14:06:49.4500151Z /home/runner/work/project-fusion/project-fusion/android-companion/app/src/main/java/com/fusion/companion/voice/VoiceTestActivity.java:16: error: package androidx.core.content does not exist
2026-04-12T14:06:49.4545466Z /home/runner/work/project-fusion/project-fusion/android-companion/app/src/main/java/com/fusion/companion/voice/VoiceTestActivity.java:33: error: cannot find symbol
2026-04-12T14:06:49.5222220Z /home/runner/work/project-fusion/project-fusion/android-companion/app/src/main/java/com/fusion/companion/media/MediaCenter.java:46: error: cannot find symbol
2026-04-12T14:06:49.5315154Z /home/runner/work/project-fusion/project-fusion/android-companion/app/src/main/java/com/fusion/companion/media/MediaCenter.java:209: error: cannot find symbol
2026-04-12T14:06:49.5413573Z /home/runner/work/project-fusion/project-fusion/android-companion/app/src/main/java/com/fusion/companion/voice/VoiceTestActivity.java:164: error: cannot find symbol
2026-04-12T14:06:49.5418135Z /home/runner/work/project-fusion/project-fusion/android-companion/app/src/main/java/com/fusion/companion/voice/VoiceTestActivity.java:165: error: cannot find symbol
2026-04-12T14:06:49.9246143Z /home/runner/work/project-fusion/project-fusion/android-companion/app/src/main/java/com/fusion/companion/service/ModeManager.java:278: error: cannot find symbol
2026-04-12T14:06:50.1219907Z /home/runner/work/project-fusion/project-fusion/android-companion/app/src/main/java/com/fusion/companion/service/MQTTBrokerService.java:263: error: cannot find symbol
2026-04-12T14:06:50.2242865Z /home/runner/work/project-fusion/project-fusion/android-companion/app/src/main/java/com/fusion/companion/service/MQTTClientService.java:818: error: cannot find symbol
2026-04-12T14:06:50.2385874Z /home/runner/work/project-fusion/project-fusion/android-companion/app/src/main/java/com/fusion/companion/service/MQTTClientService.java:917: error: getDeviceId() in MQTTClientService cannot override getDeviceId() in ContextWrapper
2026-04-12T14:06:50.3226242Z /home/runner/work/project-fusion/project-fusion/android-companion/app/src/main/java/com/fusion/companion/service/FusionBridgeService.java:462: error: cannot find symbol
2026-04-12T14:06:50.4247313Z /home/runner/work/project-fusion/project-fusion/android-companion/app/src/main/java/com/fusion/companion/service/FusionBridgeService.java:794: error: getDeviceId() in FusionBridgeService cannot override getDeviceId() in ContextWrapper
2026-04-12T14:06:50.4315858Z /home/runner/work/project-fusion/project-fusion/android-companion/app/src/main/java/com/fusion/companion/service/MQTTDataStorageService.java:118: error: cannot find symbol
2026-04-12T14:06:50.4395453Z /home/runner/work/project-fusion/project-fusion/android-companion/app/src/main/java/com/fusion/companion/service/MQTTDataStorageService.java:135: error: cannot find symbol
2026-04-12T14:06:50.4465331Z /home/runner/work/project-fusion/project-fusion/android-companion/app/src/main/java/com/fusion/companion/service/MQTTDataStorageService.java:150: error: cannot find symbol
2026-04-12T14:06:50.5224904Z /home/runner/work/project-fusion/project-fusion/android-companion/app/src/main/java/com/fusion/companion/MainActivity.java:331: error: isPCOnline() has private access in ModeManager
2026-04-12T14:06:50.6227523Z /home/runner/work/project-fusion/project-fusion/android-companion/app/src/main/java/com/fusion/companion/MainActivity.java:507: error: incompatible types: void cannot be converted to int
2026-04-12T14:06:50.7246321Z /home/runner/work/project-fusion/project-fusion/android-companion/app/src/main/java/com/fusion/companion/voice/VoiceTestActivity.java:57: error: method does not override or implement a method from a supertype
2026-04-12T14:06:50.7335519Z /home/runner/work/project-fusion/project-fusion/android-companion/app/src/main/java/com/fusion/companion/voice/VoiceTestActivity.java:59: error: cannot find symbol
2026-04-12T14:06:50.7339297Z /home/runner/work/project-fusion/project-fusion/android-companion/app/src/main/java/com/fusion/companion/voice/VoiceTestActivity.java:76: error: incompatible types: VoiceTestActivity cannot be converted to Context
2026-04-12T14:06:50.7343104Z /home/runner/work/project-fusion/project-fusion/android-companion/app/src/main/java/com/fusion/companion/voice/VoiceTestActivity.java:81: error: incompatible types: VoiceTestActivity cannot be converted to Context
2026-04-12T14:06:50.7346460Z /home/runner/work/project-fusion/project-fusion/android-companion/app/src/main/java/com/fusion/companion/voice/VoiceTestActivity.java:88: error: incompatible types: VoiceTestActivity cannot be converted to Context
2026-04-12T14:06:50.7349683Z /home/runner/work/project-fusion/project-fusion/android-companion/app/src/main/java/com/fusion/companion/voice/VoiceTestActivity.java:94: error: incompatible types: VoiceTestActivity cannot be converted to Context
2026-04-12T14:06:50.7352773Z /home/runner/work/project-fusion/project-fusion/android-companion/app/src/main/java/com/fusion/companion/voice/VoiceTestActivity.java:100: error: incompatible types: VoiceTestActivity cannot be converted to Context
2026-04-12T14:06:50.7418139Z /home/runner/work/project-fusion/project-fusion/android-companion/app/src/main/java/com/fusion/companion/voice/VoiceTestActivity.java:107: error: incompatible types: VoiceTestActivity cannot be converted to Context
2026-04-12T14:06:50.7421526Z /home/runner/work/project-fusion/project-fusion/android-companion/app/src/main/java/com/fusion/companion/voice/VoiceTestActivity.java:114: error: incompatible types: VoiceTestActivity cannot be converted to Context
2026-04-12T14:06:50.7424753Z /home/runner/work/project-fusion/project-fusion/android-companion/app/src/main/java/com/fusion/companion/voice/VoiceTestActivity.java:120: error: cannot find symbol
2026-04-12T14:06:50.7428882Z /home/runner/work/project-fusion/project-fusion/android-companion/app/src/main/java/com/fusion/companion/voice/VoiceTestActivity.java:130: error: incompatible types: VoiceTestActivity cannot be converted to Context
2026-04-12T14:06:50.7432473Z /home/runner/work/project-fusion/project-fusion/android-companion/app/src/main/java/com/fusion/companion/voice/VoiceTestActivity.java:138: error: incompatible types: VoiceTestActivity cannot be converted to Context
2026-04-12T14:06:50.7496281Z /home/runner/work/project-fusion/project-fusion/android-companion/app/src/main/java/com/fusion/companion/voice/VoiceTestActivity.java:151: error: cannot find symbol
2026-04-12T14:06:50.7500346Z /home/runner/work/project-fusion/project-fusion/android-companion/app/src/main/java/com/fusion/companion/voice/VoiceTestActivity.java:154: error: cannot find symbol
2026-04-12T14:06:50.7504345Z /home/runner/work/project-fusion/project-fusion/android-companion/app/src/main/java/com/fusion/companion/voice/VoiceTestActivity.java:163: error: method does not override or implement a method from a supertype
2026-04-12T14:06:50.7507081Z /home/runner/work/project-fusion/project-fusion/android-companion/app/src/main/java/com/fusion/companion/voice/VoiceTestActivity.java:166: error: cannot find symbol
2026-04-12T14:06:50.7511324Z /home/runner/work/project-fusion/project-fusion/android-companion/app/src/main/java/com/fusion/companion/voice/VoiceTestActivity.java:172: error: no suitable method found for makeText(VoiceTestActivity,String,int)
2026-04-12T14:06:50.7536069Z /home/runner/work/project-fusion/project-fusion/android-companion/app/src/main/java/com/fusion/companion/voice/VoiceTestActivity.java:176: error: no suitable method found for makeText(VoiceTestActivity,String,int)
2026-04-12T14:06:50.7543793Z /home/runner/work/project-fusion/project-fusion/android-companion/app/src/main/java/com/fusion/companion/voice/VoiceTestActivity.java:198: error: no suitable method found for makeText(VoiceTestActivity,String,int)
2026-04-12T14:06:50.7550762Z /home/runner/work/project-fusion/project-fusion/android-companion/app/src/main/java/com/fusion/companion/voice/VoiceTestActivity.java:201: error: no suitable method found for makeText(VoiceTestActivity,String,int)
2026-04-12T14:06:50.7608001Z /home/runner/work/project-fusion/project-fusion/android-companion/app/src/main/java/com/fusion/companion/voice/VoiceTestActivity.java:222: error: cannot find symbol
2026-04-12T14:06:50.7611840Z /home/runner/work/project-fusion/project-fusion/android-companion/app/src/main/java/com/fusion/companion/voice/VoiceTestActivity.java:233: error: cannot find symbol
2026-04-12T14:06:50.7615655Z /home/runner/work/project-fusion/project-fusion/android-companion/app/src/main/java/com/fusion/companion/voice/VoiceTestActivity.java:244: error: cannot find symbol
2026-04-12T14:06:50.7620267Z /home/runner/work/project-fusion/project-fusion/android-companion/app/src/main/java/com/fusion/companion/voice/VoiceTestActivity.java:271: error: no suitable method found for makeText(VoiceTestActivity,String,int)
2026-04-12T14:06:50.7638154Z /home/runner/work/project-fusion/project-fusion/android-companion/app/src/main/java/com/fusion/companion/voice/VoiceTestActivity.java:298: error: no suitable method found for makeText(VoiceTestActivity,String,int)
2026-04-12T14:06:50.7683206Z /home/runner/work/project-fusion/project-fusion/android-companion/app/src/main/java/com/fusion/companion/voice/VoiceTestActivity.java:304: error: method does not override or implement a method from a supertype
2026-04-12T14:06:50.7686265Z /home/runner/work/project-fusion/project-fusion/android-companion/app/src/main/java/com/fusion/companion/voice/VoiceTestActivity.java:306: error: cannot find symbol
2026-04-12T14:06:50.7689918Z /home/runner/work/project-fusion/project-fusion/android-companion/app/src/main/java/com/fusion/companion/voice/VoiceTestActivity.java:317: error: method does not override or implement a method from a supertype
2026-04-12T14:06:50.7692574Z /home/runner/work/project-fusion/project-fusion/android-companion/app/src/main/java/com/fusion/companion/voice/VoiceTestActivity.java:319: error: cannot find symbol
2026-04-12T14:06:50.7719918Z /home/runner/work/project-fusion/project-fusion/android-companion/app/src/main/java/com/fusion/companion/voice/VoiceActivityManager.java:168: error: incompatible types: VoiceActivityManager cannot be converted to RecognitionListener
2026-04-12T14:06:50.7723040Z /home/runner/work/project-fusion/project-fusion/android-companion/app/src/main/java/com/fusion/companion/voice/AndroidSpeechRecognizer.java:168: error: cannot find symbol
2026-04-12T14:06:50.7727746Z /home/runner/work/project-fusion/project-fusion/android-companion/app/src/main/java/com/fusion/companion/voice/AndroidSpeechRecognizer.java:175: error: cannot find symbol
2026-04-12T14:06:50.8408088Z /home/runner/work/project-fusion/project-fusion/android-companion/app/src/main/java/com/fusion/companion/voice/AndroidSpeechRecognizer.java:214: error: cannot find symbol
2026-04-12T14:06:50.8412526Z /home/runner/work/project-fusion/project-fusion/android-companion/app/src/main/java/com/fusion/companion/voice/AndroidSpeechRecognizer.java:441: error: method onReadyForSpeech in interface RecognitionListener cannot be applied to given types;
2026-04-12T14:06:50.8417845Z /home/runner/work/project-fusion/project-fusion/android-companion/app/src/main/java/com/fusion/companion/voice/AndroidSpeechRecognizer.java:453: error: cannot find symbol
2026-04-12T14:06:50.8421674Z /home/runner/work/project-fusion/project-fusion/android-companion/app/src/main/java/com/fusion/companion/voice/AndroidSpeechRecognizer.java:477: error: cannot find symbol
2026-04-12T14:06:50.8445934Z /home/runner/work/project-fusion/project-fusion/android-companion/app/src/main/java/com/fusion/companion/voice/AndroidSpeechRecognizer.java:489: error: cannot find symbol
2026-04-12T14:06:50.8449787Z /home/runner/work/project-fusion/project-fusion/android-companion/app/src/main/java/com/fusion/companion/voice/AndroidSpeechRecognizer.java:501: error: cannot find symbol
2026-04-12T14:06:50.8453809Z /home/runner/work/project-fusion/project-fusion/android-companion/app/src/main/java/com/fusion/companion/voice/AndroidSpeechRecognizer.java:513: error: method onError in interface RecognitionListener cannot be applied to given types;
2026-04-12T14:06:50.9245940Z /home/runner/work/project-fusion/project-fusion/android-companion/app/src/main/java/com/fusion/companion/media/MediaCenter.java:82: error: cannot find symbol
2026-04-12T14:06:50.9679740Z /home/runner/work/project-fusion/project-fusion/android-companion/app/src/main/java/com/fusion/companion/media/MediaUsageExample.java:89: error: cannot find symbol
2026-04-12T14:06:51.0426775Z /home/runner/work/project-fusion/project-fusion/android-companion/app/src/main/java/com/fusion/companion/media/MediaUsageExample.java:219: error: cannot find symbol
